{"u_token":"xygb5R3jJaBcakCGdjAmtYn8cIwH9aNm","part_number":"LM7805","manufacturer":"Texas Instruments","mode":"place-part","plugin":".snap","source":"https://www.snapeda.com"}